started (UTC): 2026-10-04T04:09:05+00:00
region: koreacentral (Azure for Students)
load VM Standard_D2ds_v4: vm-load: 2 vCPU, 7.8 GB, Intel(R) Xeon(R) Platinum 8272CL CPU @ 2.60GHz
API VM Standard_D2s_v4 10.10.1.5: vm-api-1: 2 vCPU, 7.8 GB, Intel(R) Xeon(R) Platinum 8370C CPU @ 2.80GHz
API VM Standard_D2s_v4 10.10.1.6: vm-api-2: 2 vCPU, 7.8 GB, Intel(R) Xeon(R) Platinum 8272CL CPU @ 2.60GHz
database: Azure Database for PostgreSQL Flexible Server 18, Standard_D8ds_v5, 8 vCore, 128 GB, private subnet, TLS off, Maximum Pool Size=25 per replica
load balancer: Azure Standard internal LB 10.10.1.100:80 to :8080, HTTP probe /health every 5 s
images: robot-api:old = sit315 9faf8b1, robot-api:new = phase-4 a87f92d, robot-loadgen = phase-4 a87f92d
parameters: setups new/2, robots 10,100,400, duration 30 s, warm-up 5 s, backlog 2000 jobs/robot, 3 repeats
=== 04:09:06 setup new with 2 replica(s) ===
vm-api-1: new healthy after 2s
vm-api-2: new healthy after 2s
DB check new-2-replica/10: completed 10963, failed 0, claimed 0, executing 0, queued 9037, other 0, history rows 10963
DB check new-2-replica/100: completed 35599, failed 0, claimed 0, executing 0, queued 164401, other 0, history rows 35599
DB check new-2-replica/400: completed 37296, failed 0, claimed 0, executing 0, queued 762704, other 0, history rows 37296
DB check new-2-replica/10: completed 11517, failed 0, claimed 0, executing 0, queued 8483, other 0, history rows 11517
DB check new-2-replica/100: completed 38094, failed 0, claimed 0, executing 0, queued 161906, other 0, history rows 38094
DB check new-2-replica/400: completed 37932, failed 0, claimed 0, executing 0, queued 762068, other 0, history rows 37932
DB check new-2-replica/10: completed 10881, failed 0, claimed 0, executing 0, queued 9119, other 0, history rows 10881
DB check new-2-replica/100: completed 38250, failed 0, claimed 0, executing 0, queued 161750, other 0, history rows 38250
DB check new-2-replica/400: completed 37743, failed 0, claimed 0, executing 0, queued 762257, other 0, history rows 37743

robots version   jobs/s   claim p50/p95/p99 ms started p95 completed p95   429s other fails drained db completed db failed in flight
    10 new-2-replica   329.87       9.86/12.61/15.58        7.53         17.12      0           0       0        10963         0         0
    10 new-2-replica   331.37         9.9/12.1/14.26        7.24         16.66      0           0       0        11517         0         0
    10 new-2-replica    314.2       10.4/14.32/18.98        8.19          18.7      0           0       0        10881         0         0
   100 new-2-replica  1050.93      34.27/49.98/73.79        23.5         53.92      0           0       0        35599         0         0
   100 new-2-replica   1099.1       32.7/47.81/53.41       21.54         50.18      0           0       0        38094         0         0
   100 new-2-replica   1098.1      34.82/42.37/49.22       19.66          46.3      0           0       0        38250         0         0
   400 new-2-replica  1067.93      64.96/77.38/86.46       45.47          79.1   6425           0       0        37296         0         0
   400 new-2-replica   1080.2       63.74/76.1/84.99        44.8         77.63   6443           0       0        37932         0         0
   400 new-2-replica  1072.07       65.5/78.91/86.98       46.43         80.45   6337           0       0        37743         0         0

jobs/s = completed per second (warm-up excluded). db completed includes warm-up. in flight = Claimed + Executing when the run stopped.
=== 04:16:45 GRID DONE: /home/azureuser/results/grid-20261004-040905 ===
